On branch master
Your branch is up to date with 'origin/master'.

Untracked files:
  (use "git add <file>..." to include in what will be committed)

	.idea/workspace.xml
	out/
	test.log

nothing added to commit but untracked files present (use "git add" to track)


An Edit! Gasp!
